---
source: src/lib.rs
expression: "String::from_utf8(stdout)"
---
Ok(
    "AAAAAAAABBBBBBBBCCCCCCCCCCCCCCCCCCDDDDEFEEDDDCCCCCBBBBBBBBBBBBBBB\nAAAAAAABBBBBBCCCCCCCCCCCCCCCCCDDDDDDEEFIKGGGDDDDDCCCCBBBBBBBBBBBB\nAAAAAABBBBCCCCCCCCCCCCCCCCCDDDDDDDEEEFGHKPIGFEDDDDDCCCCCBBBBBBBBB\nAAAAABBBCCCCCCCCCCCCCCCCCDDDDDDDEEEFGPVT  Q[HEEEEDDDCCCCCCBBBBBBB\nAAAABBCCCCCCCCCCCCCCCCDDDDDDDEEFFFGGHK      HGFFEEEDDDCCCCCBBBBBB\nAAABBCCCCCCCCCCCCCCCDDDDDEEEFGK MJJ NR    YS L HHGIJFDDCCCCCCBBBB\nAAABCCCCCCCCCCCCCDDDEEEEEEFFFHI                    MGEDDCCCCCCBBB\nAABCCCCCCCCCCCDDEEEEEEEEFFFGY Q                   MHGEEDCCCCCCCBB\nAACCCCCCDDDDDEEFLHGGHMHGGGHIR                      QLHEDDCCCCCCCB\nABCCDDDDDDEEEEFGIKU    RLJJL                        IFEDDCCCCCCCB\nACDDDDDDEEEEEGGHOS        QR                        JFEDDDCCCCCCC\nADDDDDEFFFGGHKOPS                                   GEEDDDCCCCCCC\nA                                                PJGFEEDDDCCCCCCC\nADDDDDEFFFGGHKOPS                                   GEEDDDCCCCCCC\nACDDDDDDEEEEEGGHOS        QR                        JFEDDDCCCCCCC\nABCCDDDDDDEEEEFGIKU    RLJJL                        IFEDDCCCCCCCB\nAACCCCCCDDDDDEEFLHGGHMHGGGHIR                      QLHEDDCCCCCCCB\nAABCCCCCCCCCCCDDEEEEEEEEFFFGY Q                   MHGEEDCCCCCCCBB\nAAABCCCCCCCCCCCCCDDDEEEEEEFFFHI                    MGEDDCCCCCCBBB\nAAABBCCCCCCCCCCCCCCCDDDDDEEEFGK MJJ NR    YS L HHGIJFDDCCCCCCBBBB\nAAAABBCCCCCCCCCCCCCCCCDDDDDDDEEFFFGGHK      HGFFEEEDDDCCCCCBBBBBB\nAAAAABBBCCCCCCCCCCCCCCCCCDDDDDDDEEEFGPVT  Q[HEEEEDDDCCCCCCBBBBBBB\nAAAAAABBBBCCCCCCCCCCCCCCCCCDDDDDDDEEEFGHKPIGFEDDDDDCCCCCBBBBBBBBB\nAAAAAAABBBBBBCCCCCCCCCCCCCCCCCDDDDDDEEFIKGGGDDDDDCCCCBBBBBBBBBBBB\n",
)
